22:00:05 ============================================
22:00:05 ============================================
22:00:05   Weekly Full Load started at 2026-03-08 22:00:05
22:00:05 ============================================
22:00:05 === Step 1/12: OnCourt extract ===
22:00:17 Extracting...
22:00:17   players_atp: 124,676 rows -> players_atp.csv
22:00:17   tours_atp: 20,930 rows -> tours_atp.csv
22:00:17   courts: 7 rows -> courts.csv
22:00:17   today_atp: 2,142 rows -> today_atp.csv
22:00:17 
22:00:17 Done.
22:00:17 Missing C:\Users\44746\Downloads\il-margine\scripts\oncourt-extract-games.py
22:00:17 Missing C:\Users\44746\Downloads\il-margine\scripts\oncourt-extract-stats.py
22:00:17 
22:00:17 --- oncourt-extract-rest ---
22:00:17 
22:00:17 All extractions done.
22:00:17 === Step 2/12: Supabase FULL sync ===
22:11:54   Supabase: https://nuqcgzbagxtbxlqrhtvc.supabase.co... (key: service_role)
22:11:54   Mode: FULL  |  Batch: 5,000
22:11:54 
22:11:54   oncourt_courts: 7 rows
22:11:54   oncourt_players: 5,000 / 124,676  (1387 rows/s, ~86s left)
22:11:54   oncourt_players: 10,000 / 124,676  (1845 rows/s, ~62s left)
22:11:54   oncourt_players: 15,000 / 124,676  (2351 rows/s, ~47s left)
22:11:54   oncourt_players: 20,000 / 124,676  (2722 rows/s, ~38s left)
22:11:54   oncourt_players: 25,000 / 124,676  (2979 rows/s, ~33s left)
22:11:54   oncourt_players: 30,000 / 124,676  (3201 rows/s, ~30s left)
22:11:54   oncourt_players: 35,000 / 124,676  (3348 rows/s, ~27s left)
22:11:54   oncourt_players: 40,000 / 124,676  (3359 rows/s, ~25s left)
22:11:54   oncourt_players: 45,000 / 124,676  (3484 rows/s, ~23s left)
22:11:54   oncourt_players: 50,000 / 124,676  (3464 rows/s, ~22s left)
22:11:54   oncourt_players: 55,000 / 124,676  (3563 rows/s, ~20s left)
22:11:54   oncourt_players: 60,000 / 124,676  (3654 rows/s, ~18s left)
22:11:54   oncourt_players: 65,000 / 124,676  (3746 rows/s, ~16s left)
22:11:54   oncourt_players: 70,000 / 124,676  (3835 rows/s, ~14s left)
22:11:54   oncourt_players: 75,000 / 124,676  (3866 rows/s, ~13s left)
22:11:54   oncourt_players: 80,000 / 124,676  (3915 rows/s, ~11s left)
22:11:54   oncourt_players: 85,000 / 124,676  (3942 rows/s, ~10s left)
22:11:54   oncourt_players: 90,000 / 124,676  (4025 rows/s, ~9s left)
22:11:54   oncourt_players: 95,000 / 124,676  (4032 rows/s, ~7s left)
22:11:54   oncourt_players: 100,000 / 124,676  (4045 rows/s, ~6s left)
22:11:54   oncourt_players: 105,000 / 124,676  (4079 rows/s, ~5s left)
22:11:54   oncourt_players: 110,000 / 124,676  (4093 rows/s, ~4s left)
22:11:54   oncourt_players: 115,000 / 124,676  (4115 rows/s, ~2s left)
22:11:54   oncourt_players: 120,000 / 124,676  (4107 rows/s, ~1s left)
22:11:54   oncourt_players: 124,676 / 124,676  (4141 rows/s, ~0s left)
22:11:54   oncourt_players: 124,676 rows done in 30.1s
22:11:54   oncourt_tours: 5,000 / 20,930  (4307 rows/s, ~4s left)
22:11:54   oncourt_tours: 10,000 / 20,930  (4509 rows/s, ~2s left)
22:11:54   oncourt_tours: 15,000 / 20,930  (4554 rows/s, ~1s left)
22:11:54   oncourt_tours: 20,000 / 20,930  (4711 rows/s, ~0s left)
22:11:54   oncourt_tours: 20,930 / 20,930  (4318 rows/s, ~0s left)
22:11:54   oncourt_tours: 20,930 rows done in 4.8s
22:11:54   oncourt_games: 5,000 / 1,189,341  (1134 rows/s, ~1044s left)
22:11:54   oncourt_games: 10,000 / 1,189,341  (1559 rows/s, ~756s left)
22:11:54   oncourt_games: 15,000 / 1,189,341  (1822 rows/s, ~644s left)
22:11:54   oncourt_games: 20,000 / 1,189,341  (2026 rows/s, ~577s left)
22:11:54   oncourt_games: 25,000 / 1,189,341  (2183 rows/s, ~533s left)
22:11:54   oncourt_games: 30,000 / 1,189,341  (2229 rows/s, ~520s left)
22:11:54   oncourt_games: 35,000 / 1,189,341  (2356 rows/s, ~490s left)
22:11:54   oncourt_games: 40,000 / 1,189,341  (2119 rows/s, ~542s left)
22:11:54   oncourt_games: 45,000 / 1,189,341  (1919 rows/s, ~596s left)
22:11:54   oncourt_games: 50,000 / 1,189,341  (1868 rows/s, ~610s left)
22:11:54   oncourt_games: 55,000 / 1,189,341  (1908 rows/s, ~595s left)
22:11:54   oncourt_games: 60,000 / 1,189,341  (1914 rows/s, ~590s left)
22:11:54   oncourt_games: 65,000 / 1,189,341  (1941 rows/s, ~579s left)
22:11:54   oncourt_games: 70,000 / 1,189,341  (1987 rows/s, ~563s left)
22:11:55   oncourt_games: 75,000 / 1,189,341  (2044 rows/s, ~545s left)
22:11:55   oncourt_games: 80,000 / 1,189,341  (2024 rows/s, ~548s left)
22:11:55   oncourt_games: 85,000 / 1,189,341  (2045 rows/s, ~540s left)
22:11:55   oncourt_games: 90,000 / 1,189,341  (2073 rows/s, ~530s left)
22:11:55   oncourt_games: 95,000 / 1,189,341  (2101 rows/s, ~521s left)
22:11:55   oncourt_games: 100,000 / 1,189,341  (2120 rows/s, ~514s left)
22:11:55   oncourt_games: 105,000 / 1,189,341  (2152 rows/s, ~504s left)
22:11:55   oncourt_games: 110,000 / 1,189,341  (2190 rows/s, ~493s left)
22:11:55   oncourt_games: 115,000 / 1,189,341  (2162 rows/s, ~497s left)
22:11:55   oncourt_games: 120,000 / 1,189,341  (2172 rows/s, ~492s left)
22:11:55   oncourt_games: 125,000 / 1,189,341  (2184 rows/s, ~487s left)
22:11:55   oncourt_games: 130,000 / 1,189,341  (2209 rows/s, ~480s left)
22:11:55   oncourt_games: 135,000 / 1,189,341  (2238 rows/s, ~471s left)
22:11:55   oncourt_games: 140,000 / 1,189,341  (2180 rows/s, ~481s left)
22:11:55   oncourt_games: 145,000 / 1,189,341  (2164 rows/s, ~483s left)
22:11:55   oncourt_games: 150,000 / 1,189,341  (2179 rows/s, ~477s left)
22:11:55   oncourt_games: 155,000 / 1,189,341  (2201 rows/s, ~470s left)
22:11:55   oncourt_games: 160,000 / 1,189,341  (2207 rows/s, ~466s left)
22:11:55   oncourt_games: 165,000 / 1,189,341  (2220 rows/s, ~462s left)
22:11:55   oncourt_games: 170,000 / 1,189,341  (2243 rows/s, ~454s left)
22:11:55   oncourt_games: 175,000 / 1,189,341  (2257 rows/s, ~449s left)
22:11:55   oncourt_games: 180,000 / 1,189,341  (2259 rows/s, ~447s left)
22:11:55   oncourt_games: 185,000 / 1,189,341  (2268 rows/s, ~443s left)
22:11:55   oncourt_games: 190,000 / 1,189,341  (2282 rows/s, ~438s left)
22:11:55   oncourt_games: 195,000 / 1,189,341  (2299 rows/s, ~433s left)
22:11:55   oncourt_games: 200,000 / 1,189,341  (2321 rows/s, ~426s left)
22:11:55   oncourt_games: 205,000 / 1,189,341  (2331 rows/s, ~422s left)
22:11:55   oncourt_games: 210,000 / 1,189,341  (2341 rows/s, ~418s left)
22:11:55   oncourt_games: 215,000 / 1,189,341  (2353 rows/s, ~414s left)
22:11:55   oncourt_games: 220,000 / 1,189,341  (2357 rows/s, ~411s left)
22:11:55   oncourt_games: 225,000 / 1,189,341  (2368 rows/s, ~407s left)
22:11:55   oncourt_games: 230,000 / 1,189,341  (2379 rows/s, ~403s left)
22:11:55   oncourt_games: 235,000 / 1,189,341  (2394 rows/s, ~399s left)
22:11:55   oncourt_games: 240,000 / 1,189,341  (2393 rows/s, ~397s left)
22:11:55   oncourt_games: 245,000 / 1,189,341  (2392 rows/s, ~395s left)
22:11:55   oncourt_games: 250,000 / 1,189,341  (2389 rows/s, ~393s left)
22:11:55   oncourt_games: 255,000 / 1,189,341  (2403 rows/s, ~389s left)
22:11:55   oncourt_games: 260,000 / 1,189,341  (2402 rows/s, ~387s left)
22:11:55   oncourt_games: 265,000 / 1,189,341  (2407 rows/s, ~384s left)
22:11:55   oncourt_games: 270,000 / 1,189,341  (2414 rows/s, ~381s left)
22:11:55   oncourt_games: 275,000 / 1,189,341  (2425 rows/s, ~377s left)
22:11:55   oncourt_games: 280,000 / 1,189,341  (2435 rows/s, ~373s left)
22:11:55   oncourt_games: 285,000 / 1,189,341  (2429 rows/s, ~372s left)
22:11:55   oncourt_games: 290,000 / 1,189,341  (2431 rows/s, ~370s left)
22:11:55   oncourt_games: 295,000 / 1,189,341  (2420 rows/s, ~369s left)
22:11:55   oncourt_games: 300,000 / 1,189,341  (2427 rows/s, ~366s left)
22:11:55   oncourt_games: 305,000 / 1,189,341  (2439 rows/s, ~363s left)
22:11:55   oncourt_games: 310,000 / 1,189,341  (2440 rows/s, ~360s left)
22:11:55   oncourt_games: 315,000 / 1,189,341  (2441 rows/s, ~358s left)
22:11:55   oncourt_games: 320,000 / 1,189,341  (2455 rows/s, ~354s left)
22:11:55   oncourt_games: 325,000 / 1,189,341  (2455 rows/s, ~352s left)
22:11:55   oncourt_games: 330,000 / 1,189,341  (2451 rows/s, ~351s left)
22:11:55   oncourt_games: 335,000 / 1,189,341  (2453 rows/s, ~348s left)
22:11:55   oncourt_games: 340,000 / 1,189,341  (2461 rows/s, ~345s left)
22:11:55   oncourt_games: 345,000 / 1,189,341  (2426 rows/s, ~348s left)
22:11:55   oncourt_games: 350,000 / 1,189,341  (2354 rows/s, ~357s left)
22:11:55   oncourt_games: 355,000 / 1,189,341  (2249 rows/s, ~371s left)
22:11:55   oncourt_games: 360,000 / 1,189,341  (2188 rows/s, ~379s left)
22:11:55   oncourt_games: 365,000 / 1,189,341  (2190 rows/s, ~376s left)
22:11:55   oncourt_games: 370,000 / 1,189,341  (2198 rows/s, ~373s left)
22:11:55   oncourt_games: 375,000 / 1,189,341  (2205 rows/s, ~369s left)
22:11:55   oncourt_games: 380,000 / 1,189,341  (2216 rows/s, ~365s left)
22:11:55   oncourt_games: 385,000 / 1,189,341  (2227 rows/s, ~361s left)
22:11:55   oncourt_games: 390,000 / 1,189,341  (2239 rows/s, ~357s left)
22:11:55   oncourt_games: 395,000 / 1,189,341  (2249 rows/s, ~353s left)
22:11:55   oncourt_games: 400,000 / 1,189,341  (2260 rows/s, ~349s left)
22:11:55   oncourt_games: 405,000 / 1,189,341  (2261 rows/s, ~347s left)
22:11:55   oncourt_games: 410,000 / 1,189,341  (2268 rows/s, ~344s left)
22:11:55   oncourt_games: 415,000 / 1,189,341  (2281 rows/s, ~340s left)
22:11:55   oncourt_games: 420,000 / 1,189,341  (2294 rows/s, ~335s left)
22:11:55   oncourt_games: 425,000 / 1,189,341  (2303 rows/s, ~332s left)
22:11:55   oncourt_games: 430,000 / 1,189,341  (2312 rows/s, ~328s left)
22:11:55   oncourt_games: 435,000 / 1,189,341  (2320 rows/s, ~325s left)
22:11:55   oncourt_games: 440,000 / 1,189,341  (2322 rows/s, ~323s left)
22:11:55   oncourt_games: 445,000 / 1,189,341  (2330 rows/s, ~319s left)
22:11:55   oncourt_games: 450,000 / 1,189,341  (2339 rows/s, ~316s left)
22:11:55   oncourt_games: 455,000 / 1,189,341  (2347 rows/s, ~313s left)
22:11:55   oncourt_games: 460,000 / 1,189,341  (2354 rows/s, ~310s left)
22:11:55   oncourt_games: 465,000 / 1,189,341  (2363 rows/s, ~307s left)
22:11:55   oncourt_games: 470,000 / 1,189,341  (2373 rows/s, ~303s left)
22:11:55   oncourt_games: 475,000 / 1,189,341  (2368 rows/s, ~302s left)
22:11:55   oncourt_games: 480,000 / 1,189,341  (2373 rows/s, ~299s left)
22:11:55   oncourt_games: 485,000 / 1,189,341  (2378 rows/s, ~296s left)
22:11:55   oncourt_games: 490,000 / 1,189,341  (2384 rows/s, ~293s left)
22:11:55   oncourt_games: 495,000 / 1,189,341  (2391 rows/s, ~290s left)
22:11:55   oncourt_games: 500,000 / 1,189,341  (2399 rows/s, ~287s left)
22:11:55   oncourt_games: 505,000 / 1,189,341  (2408 rows/s, ~284s left)
22:11:55   oncourt_games: 510,000 / 1,189,341  (2412 rows/s, ~282s left)
22:11:55   oncourt_games: 515,000 / 1,189,341  (2420 rows/s, ~279s left)
22:11:55   oncourt_games: 520,000 / 1,189,341  (2429 rows/s, ~276s left)
22:11:55   oncourt_games: 525,000 / 1,189,341  (2439 rows/s, ~272s left)
22:11:55   oncourt_games: 530,000 / 1,189,341  (2448 rows/s, ~269s left)
22:11:55   oncourt_games: 535,000 / 1,189,341  (2447 rows/s, ~267s left)
22:11:55   oncourt_games: 540,000 / 1,189,341  (2452 rows/s, ~265s left)
22:11:55   oncourt_games: 545,000 / 1,189,341  (2459 rows/s, ~262s left)
22:11:55   oncourt_games: 550,000 / 1,189,341  (2466 rows/s, ~259s left)
22:11:55   oncourt_games: 555,000 / 1,189,341  (2471 rows/s, ~257s left)
22:11:55   oncourt_games: 560,000 / 1,189,341  (2479 rows/s, ~254s left)
22:11:55   oncourt_games: 565,000 / 1,189,341  (2485 rows/s, ~251s left)
22:11:55   oncourt_games: 570,000 / 1,189,341  (2492 rows/s, ~249s left)
22:11:55   oncourt_games: 575,000 / 1,189,341  (2498 rows/s, ~246s left)
22:11:55   oncourt_games: 580,000 / 1,189,341  (2502 rows/s, ~244s left)
22:11:55   oncourt_games: 585,000 / 1,189,341  (2509 rows/s, ~241s left)
22:11:55   oncourt_games: 590,000 / 1,189,341  (2514 rows/s, ~238s left)
22:11:55   oncourt_games: 595,000 / 1,189,341  (2520 rows/s, ~236s left)
22:11:55   oncourt_games: 600,000 / 1,189,341  (2524 rows/s, ~234s left)
22:11:55   oncourt_games: 605,000 / 1,189,341  (2530 rows/s, ~231s left)
22:11:55   oncourt_games: 610,000 / 1,189,341  (2536 rows/s, ~228s left)
22:11:55   oncourt_games: 615,000 / 1,189,341  (2538 rows/s, ~226s left)
22:11:55   oncourt_games: 620,000 / 1,189,341  (2541 rows/s, ~224s left)
22:11:55   oncourt_games: 625,000 / 1,189,341  (2543 rows/s, ~222s left)
22:11:55   oncourt_games: 630,000 / 1,189,341  (2547 rows/s, ~220s left)
22:11:55   oncourt_games: 635,000 / 1,189,341  (2551 rows/s, ~217s left)
22:11:55   oncourt_games: 640,000 / 1,189,341  (2556 rows/s, ~215s left)
22:11:55   oncourt_games: 645,000 / 1,189,341  (2548 rows/s, ~214s left)
22:11:55   oncourt_games: 650,000 / 1,189,341  (2547 rows/s, ~212s left)
22:11:55   oncourt_games: 655,000 / 1,189,341  (2547 rows/s, ~210s left)
22:11:55   oncourt_games: 660,000 / 1,189,341  (2542 rows/s, ~208s left)
22:11:55   oncourt_games: 665,000 / 1,189,341  (2541 rows/s, ~206s left)
22:11:55   oncourt_games: 670,000 / 1,189,341  (2540 rows/s, ~204s left)
22:11:55   oncourt_games: 675,000 / 1,189,341  (2533 rows/s, ~203s left)
22:11:55   oncourt_games: 680,000 / 1,189,341  (2534 rows/s, ~201s left)
22:11:55   oncourt_games: 685,000 / 1,189,341  (2539 rows/s, ~199s left)
22:11:55   oncourt_games: 690,000 / 1,189,341  (2542 rows/s, ~196s left)
22:11:55   oncourt_games: 695,000 / 1,189,341  (2542 rows/s, ~194s left)
22:11:55   oncourt_games: 700,000 / 1,189,341  (2547 rows/s, ~192s left)
22:11:55   oncourt_games: 705,000 / 1,189,341  (2552 rows/s, ~190s left)
22:11:55   oncourt_games: 710,000 / 1,189,341  (2557 rows/s, ~187s left)
22:11:55   oncourt_games: 715,000 / 1,189,341  (2564 rows/s, ~185s left)
22:11:55   oncourt_games: 720,000 / 1,189,341  (2560 rows/s, ~183s left)
22:11:55   oncourt_games: 725,000 / 1,189,341  (2562 rows/s, ~181s left)
22:11:55   oncourt_games: 730,000 / 1,189,341  (2565 rows/s, ~179s left)
22:11:55   oncourt_games: 735,000 / 1,189,341  (2569 rows/s, ~177s left)
22:11:55   oncourt_games: 740,000 / 1,189,341  (2571 rows/s, ~175s left)
22:11:55   oncourt_games: 745,000 / 1,189,341  (2558 rows/s, ~174s left)
22:11:55   oncourt_games: 750,000 / 1,189,341  (2555 rows/s, ~172s left)
22:11:55   oncourt_games: 755,000 / 1,189,341  (2557 rows/s, ~170s left)
22:11:55   oncourt_games: 760,000 / 1,189,341  (2560 rows/s, ~168s left)
22:11:55   oncourt_games: 765,000 / 1,189,341  (2563 rows/s, ~166s left)
22:11:55   oncourt_games: 770,000 / 1,189,341  (2567 rows/s, ~163s left)
22:11:55   oncourt_games: 775,000 / 1,189,341  (2567 rows/s, ~161s left)
22:11:55   oncourt_games: 780,000 / 1,189,341  (2572 rows/s, ~159s left)
22:11:55   oncourt_games: 785,000 / 1,189,341  (2575 rows/s, ~157s left)
22:11:55   oncourt_games: 790,000 / 1,189,341  (2577 rows/s, ~155s left)
22:11:55   oncourt_games: 795,000 / 1,189,341  (2581 rows/s, ~153s left)
22:11:55   oncourt_games: 800,000 / 1,189,341  (2582 rows/s, ~151s left)
22:11:55   oncourt_games: 805,000 / 1,189,341  (2584 rows/s, ~149s left)
22:11:55   oncourt_games: 810,000 / 1,189,341  (2583 rows/s, ~147s left)
22:11:55   oncourt_games: 815,000 / 1,189,341  (2585 rows/s, ~145s left)
22:11:55   oncourt_games: 820,000 / 1,189,341  (2588 rows/s, ~143s left)
22:11:55   oncourt_games: 825,000 / 1,189,341  (2592 rows/s, ~141s left)
22:11:55   oncourt_games: 830,000 / 1,189,341  (2595 rows/s, ~138s left)
22:11:55   oncourt_games: 835,000 / 1,189,341  (2599 rows/s, ~136s left)
22:11:55   oncourt_games: 840,000 / 1,189,341  (2602 rows/s, ~134s left)
22:11:55   oncourt_games: 845,000 / 1,189,341  (2607 rows/s, ~132s left)
22:11:55   oncourt_games: 850,000 / 1,189,341  (2610 rows/s, ~130s left)
22:11:55   oncourt_games: 855,000 / 1,189,341  (2614 rows/s, ~128s left)
22:11:55   oncourt_games: 860,000 / 1,189,341  (2618 rows/s, ~126s left)
22:11:55   oncourt_games: 865,000 / 1,189,341  (2621 rows/s, ~124s left)
22:11:55   oncourt_games: 870,000 / 1,189,341  (2622 rows/s, ~122s left)
22:11:55   oncourt_games: 875,000 / 1,189,341  (2626 rows/s, ~120s left)
22:11:55   oncourt_games: 880,000 / 1,189,341  (2630 rows/s, ~118s left)
22:11:55   oncourt_games: 885,000 / 1,189,341  (2634 rows/s, ~116s left)
22:11:55   oncourt_games: 890,000 / 1,189,341  (2637 rows/s, ~114s left)
22:11:55   oncourt_games: 895,000 / 1,189,341  (2640 rows/s, ~112s left)
22:11:55   oncourt_games: 900,000 / 1,189,341  (2644 rows/s, ~109s left)
22:11:55   oncourt_games: 905,000 / 1,189,341  (2646 rows/s, ~107s left)
22:11:55   oncourt_games: 910,000 / 1,189,341  (2646 rows/s, ~106s left)
22:11:55   oncourt_games: 915,000 / 1,189,341  (2649 rows/s, ~104s left)
22:11:55   oncourt_games: 920,000 / 1,189,341  (2652 rows/s, ~102s left)
22:11:55   oncourt_games: 925,000 / 1,189,341  (2650 rows/s, ~100s left)
22:11:55   oncourt_games: 930,000 / 1,189,341  (2653 rows/s, ~98s left)
22:11:55   oncourt_games: 935,000 / 1,189,341  (2654 rows/s, ~96s left)
22:11:55   oncourt_games: 940,000 / 1,189,341  (2655 rows/s, ~94s left)
22:11:55   oncourt_games: 945,000 / 1,189,341  (2658 rows/s, ~92s left)
22:11:55   oncourt_games: 950,000 / 1,189,341  (2659 rows/s, ~90s left)
22:11:55   oncourt_games: 955,000 / 1,189,341  (2660 rows/s, ~88s left)
22:11:55   oncourt_games: 960,000 / 1,189,341  (2663 rows/s, ~86s left)
22:11:55   oncourt_games: 965,000 / 1,189,341  (2665 rows/s, ~84s left)
22:11:55   oncourt_games: 970,000 / 1,189,341  (2665 rows/s, ~82s left)
22:11:55   oncourt_games: 975,000 / 1,189,341  (2667 rows/s, ~80s left)
22:11:55   oncourt_games: 980,000 / 1,189,341  (2668 rows/s, ~78s left)
22:11:55   oncourt_games: 985,000 / 1,189,341  (2671 rows/s, ~77s left)
22:11:55   oncourt_games: 990,000 / 1,189,341  (2671 rows/s, ~75s left)
22:11:55   oncourt_games: 995,000 / 1,189,341  (2672 rows/s, ~73s left)
22:11:55   oncourt_games: 1,000,000 / 1,189,341  (2675 rows/s, ~71s left)
22:11:55   oncourt_games: 1,005,000 / 1,189,341  (2677 rows/s, ~69s left)
22:11:55   oncourt_games: 1,010,000 / 1,189,341  (2679 rows/s, ~67s left)
22:11:55   oncourt_games: 1,015,000 / 1,189,341  (2677 rows/s, ~65s left)
22:11:55   oncourt_games: 1,020,000 / 1,189,341  (2680 rows/s, ~63s left)
22:11:55   oncourt_games: 1,025,000 / 1,189,341  (2683 rows/s, ~61s left)
22:11:55   oncourt_games: 1,030,000 / 1,189,341  (2683 rows/s, ~59s left)
22:11:55   oncourt_games: 1,035,000 / 1,189,341  (2686 rows/s, ~57s left)
22:11:55   oncourt_games: 1,040,000 / 1,189,341  (2688 rows/s, ~56s left)
22:11:55   oncourt_games: 1,045,000 / 1,189,341  (2691 rows/s, ~54s left)
22:11:55   oncourt_games: 1,050,000 / 1,189,341  (2694 rows/s, ~52s left)
22:11:55   oncourt_games: 1,055,000 / 1,189,341  (2697 rows/s, ~50s left)
22:11:55   oncourt_games: 1,060,000 / 1,189,341  (2691 rows/s, ~48s left)
22:11:55   oncourt_games: 1,065,000 / 1,189,341  (2688 rows/s, ~46s left)
22:11:55   oncourt_games: 1,070,000 / 1,189,341  (2685 rows/s, ~44s left)
22:11:55   oncourt_games: 1,075,000 / 1,189,341  (2687 rows/s, ~43s left)
22:11:55   oncourt_games: 1,080,000 / 1,189,341  (2691 rows/s, ~41s left)
22:11:55   oncourt_games: 1,085,000 / 1,189,341  (2692 rows/s, ~39s left)
22:11:55   oncourt_games: 1,090,000 / 1,189,341  (2695 rows/s, ~37s left)
22:11:55   oncourt_games: 1,095,000 / 1,189,341  (2697 rows/s, ~35s left)
22:11:55   oncourt_games: 1,100,000 / 1,189,341  (2699 rows/s, ~33s left)
22:11:55   oncourt_games: 1,105,000 / 1,189,341  (2701 rows/s, ~31s left)
22:11:55   oncourt_games: 1,110,000 / 1,189,341  (2703 rows/s, ~29s left)
22:11:55   oncourt_games: 1,115,000 / 1,189,341  (2705 rows/s, ~27s left)
22:11:55   oncourt_games: 1,120,000 / 1,189,341  (2710 rows/s, ~26s left)
22:11:55   oncourt_games: 1,125,000 / 1,189,341  (2710 rows/s, ~24s left)
22:11:55   oncourt_games: 1,130,000 / 1,189,341  (2711 rows/s, ~22s left)
22:11:55   oncourt_games: 1,135,000 / 1,189,341  (2713 rows/s, ~20s left)
22:11:55   oncourt_games: 1,140,000 / 1,189,341  (2714 rows/s, ~18s left)
22:11:55   oncourt_games: 1,145,000 / 1,189,341  (2717 rows/s, ~16s left)
22:11:55   oncourt_games: 1,150,000 / 1,189,341  (2720 rows/s, ~14s left)
22:11:55   oncourt_games: 1,155,000 / 1,189,341  (2722 rows/s, ~13s left)
22:11:55   oncourt_games: 1,160,000 / 1,189,341  (2723 rows/s, ~11s left)
22:11:55   oncourt_games: 1,165,000 / 1,189,341  (2723 rows/s, ~9s left)
22:11:55   oncourt_games: 1,170,000 / 1,189,341  (2725 rows/s, ~7s left)
22:11:55   oncourt_games: 1,175,000 / 1,189,341  (2727 rows/s, ~5s left)
22:11:55   oncourt_games: 1,180,000 / 1,189,341  (2711 rows/s, ~3s left)
22:11:55   oncourt_games: 1,185,000 / 1,189,341  (2712 rows/s, ~2s left)
22:11:55   oncourt_games: 1,189,341 / 1,189,341  (2714 rows/s, ~0s left)
22:11:55   oncourt_games: 1,189,341 rows done in 438.2s (550 duplicates skipped)
22:11:55   oncourt_stat: 5,000 / 447,765  (1497 rows/s, ~296s left)
22:11:55   oncourt_stat: 10,000 / 447,765  (1760 rows/s, ~249s left)
22:11:55   oncourt_stat: 15,000 / 447,765  (1868 rows/s, ~232s left)
22:11:55   oncourt_stat: 20,000 / 447,765  (1925 rows/s, ~222s left)
22:11:55   oncourt_stat: 25,000 / 447,765  (2033 rows/s, ~208s left)
22:11:55   oncourt_stat: 30,000 / 447,765  (2082 rows/s, ~201s left)
22:11:55   oncourt_stat: 35,000 / 447,765  (2116 rows/s, ~195s left)
22:11:56   oncourt_stat: 40,000 / 447,765  (2099 rows/s, ~194s left)
22:11:56   oncourt_stat: 45,000 / 447,765  (2100 rows/s, ~192s left)
22:11:56   oncourt_stat: 50,000 / 447,765  (2131 rows/s, ~187s left)
22:11:56   oncourt_stat: 55,000 / 447,765  (2117 rows/s, ~186s left)
22:11:56   oncourt_stat: 60,000 / 447,765  (2141 rows/s, ~181s left)
22:11:56   oncourt_stat: 65,000 / 447,765  (2166 rows/s, ~177s left)
22:11:56   oncourt_stat: 70,000 / 447,765  (2133 rows/s, ~177s left)
22:11:56   oncourt_stat: 75,000 / 447,765  (2155 rows/s, ~173s left)
22:11:56   oncourt_stat: 80,000 / 447,765  (2140 rows/s, ~172s left)
22:11:56   oncourt_stat: 85,000 / 447,765  (2118 rows/s, ~171s left)
22:11:56   oncourt_stat: 90,000 / 447,765  (2121 rows/s, ~169s left)
22:11:56   oncourt_stat: 95,000 / 447,765  (2142 rows/s, ~165s left)
22:11:56   oncourt_stat: 100,000 / 447,765  (2141 rows/s, ~162s left)
22:11:56   oncourt_stat: 105,000 / 447,765  (2120 rows/s, ~162s left)
22:11:56   oncourt_stat: 110,000 / 447,765  (2125 rows/s, ~159s left)
22:11:56   oncourt_stat: 115,000 / 447,765  (2133 rows/s, ~156s left)
22:11:56   oncourt_stat: 120,000 / 447,765  (2142 rows/s, ~153s left)
22:11:56   oncourt_stat: 125,000 / 447,765  (2149 rows/s, ~150s left)
22:11:56   oncourt_stat: 130,000 / 447,765  (2161 rows/s, ~147s left)
22:11:56   oncourt_stat: 135,000 / 447,765  (2179 rows/s, ~144s left)
22:11:56   oncourt_stat: 140,000 / 447,765  (2192 rows/s, ~140s left)
22:11:56   oncourt_stat: 145,000 / 447,765  (2197 rows/s, ~138s left)
22:11:56   oncourt_stat: 150,000 / 447,765  (2197 rows/s, ~136s left)
22:11:56   oncourt_stat: 155,000 / 447,765  (2207 rows/s, ~133s left)
22:11:56   oncourt_stat: 160,000 / 447,765  (2216 rows/s, ~130s left)
22:11:56   oncourt_stat: 165,000 / 447,765  (2222 rows/s, ~127s left)
22:11:56   oncourt_stat: 170,000 / 447,765  (2223 rows/s, ~125s left)
22:11:56   oncourt_stat: 175,000 / 447,765  (2228 rows/s, ~122s left)
22:11:56   oncourt_stat: 180,000 / 447,765  (2232 rows/s, ~120s left)
22:11:56   oncourt_stat: 185,000 / 447,765  (2233 rows/s, ~118s left)
22:11:56   oncourt_stat: 190,000 / 447,765  (2236 rows/s, ~115s left)
22:11:56   oncourt_stat: 195,000 / 447,765  (2232 rows/s, ~113s left)
22:11:56   oncourt_stat: 200,000 / 447,765  (2240 rows/s, ~111s left)
22:11:56   oncourt_stat: 205,000 / 447,765  (2246 rows/s, ~108s left)
22:11:56   oncourt_stat: 210,000 / 447,765  (2240 rows/s, ~106s left)
22:11:56   oncourt_stat: 215,000 / 447,765  (2241 rows/s, ~104s left)
22:11:56   oncourt_stat: 220,000 / 447,765  (2246 rows/s, ~101s left)
22:11:56   oncourt_stat: 225,000 / 447,765  (2251 rows/s, ~99s left)
22:11:56   oncourt_stat: 230,000 / 447,765  (2246 rows/s, ~97s left)
22:11:56   oncourt_stat: 235,000 / 447,765  (2228 rows/s, ~95s left)
22:11:56   oncourt_stat: 240,000 / 447,765  (2222 rows/s, ~94s left)
22:11:56   oncourt_stat: 245,000 / 447,765  (2225 rows/s, ~91s left)
22:11:56   oncourt_stat: 250,000 / 447,765  (2227 rows/s, ~89s left)
22:11:56   oncourt_stat: 255,000 / 447,765  (2212 rows/s, ~87s left)
22:11:56   oncourt_stat: 260,000 / 447,765  (2213 rows/s, ~85s left)
22:11:56   oncourt_stat: 265,000 / 447,765  (2210 rows/s, ~83s left)
22:11:56   oncourt_stat: 270,000 / 447,765  (2213 rows/s, ~80s left)
22:11:56   oncourt_stat: 275,000 / 447,765  (2215 rows/s, ~78s left)
22:11:56   oncourt_stat: 280,000 / 447,765  (2222 rows/s, ~75s left)
22:11:56   oncourt_stat: 285,000 / 447,765  (2227 rows/s, ~73s left)
22:11:56   oncourt_stat: 290,000 / 447,765  (2209 rows/s, ~71s left)
22:11:56   oncourt_stat: 295,000 / 447,765  (2211 rows/s, ~69s left)
22:11:56   oncourt_stat: 300,000 / 447,765  (2216 rows/s, ~67s left)
22:11:56   oncourt_stat: 305,000 / 447,765  (2222 rows/s, ~64s left)
22:11:56   oncourt_stat: 310,000 / 447,765  (2227 rows/s, ~62s left)
22:11:56   oncourt_stat: 315,000 / 447,765  (2228 rows/s, ~60s left)
22:11:56   oncourt_stat: 320,000 / 447,765  (2233 rows/s, ~57s left)
22:11:56   oncourt_stat: 325,000 / 447,765  (2236 rows/s, ~55s left)
22:11:56   oncourt_stat: 330,000 / 447,765  (2240 rows/s, ~53s left)
22:11:56   oncourt_stat: 335,000 / 447,765  (2238 rows/s, ~50s left)
22:11:56   oncourt_stat: 340,000 / 447,765  (2243 rows/s, ~48s left)
22:11:56   oncourt_stat: 345,000 / 447,765  (2241 rows/s, ~46s left)
22:11:56   oncourt_stat: 350,000 / 447,765  (2237 rows/s, ~44s left)
22:11:56   oncourt_stat: 355,000 / 447,765  (2240 rows/s, ~41s left)
22:11:56   oncourt_stat: 360,000 / 447,765  (2241 rows/s, ~39s left)
22:11:56   oncourt_stat: 365,000 / 447,765  (2246 rows/s, ~37s left)
22:11:56   oncourt_stat: 370,000 / 447,765  (2247 rows/s, ~35s left)
22:11:56   oncourt_stat: 375,000 / 447,765  (2250 rows/s, ~32s left)
22:11:56   oncourt_stat: 380,000 / 447,765  (2253 rows/s, ~30s left)
22:11:56   oncourt_stat: 385,000 / 447,765  (2256 rows/s, ~28s left)
22:11:56   oncourt_stat: 390,000 / 447,765  (2261 rows/s, ~26s left)
22:11:56   oncourt_stat: 395,000 / 447,765  (2265 rows/s, ~23s left)
22:11:56   oncourt_stat: 400,000 / 447,765  (2265 rows/s, ~21s left)
22:11:56   oncourt_stat: 405,000 / 447,765  (2265 rows/s, ~19s left)
22:11:56   oncourt_stat: 410,000 / 447,765  (2267 rows/s, ~17s left)
22:11:56   oncourt_stat: 415,000 / 447,765  (2269 rows/s, ~14s left)
22:11:56   oncourt_stat: 420,000 / 447,765  (2272 rows/s, ~12s left)
22:11:56   oncourt_stat: 425,000 / 447,765  (2265 rows/s, ~10s left)
22:11:56   oncourt_stat: 430,000 / 447,765  (2267 rows/s, ~8s left)
22:11:56   oncourt_stat: 435,000 / 447,765  (2272 rows/s, ~6s left)
22:11:56   oncourt_stat: 440,000 / 447,765  (2274 rows/s, ~3s left)
22:11:56   oncourt_stat: 445,000 / 447,765  (2277 rows/s, ~1s left)
22:11:56   oncourt_stat: 447,765 / 447,765  (2272 rows/s, ~0s left)
22:11:56   oncourt_stat: 447,765 rows done in 197.1s (5 duplicates skipped)
22:11:56   player_hand_reference: skipped 1 rows (player_id missing in players_atp.csv)
22:11:56   player_hand_reference: 1,199 left-handed players (source=tml)
22:11:56   oncourt_today: 2142 rows
22:11:56 
22:11:56 Done.
22:11:56 === Step 3/12: Compute player stats ===
22:12:37 Using 12m window: 2025-03-08 to today; long window: 2023-03-09 to today (1095 days)
22:12:37 
22:12:37 Loading games, tours, courts...
22:12:37   Games in 12m window: 70,637, long window: 206,069
22:12:37 Loading stat...
22:12:37 Computed 9,383 (player_id, surface) rows
22:12:37   By surface: {'Clay': 3982, 'Hard': 4691, 'Carpet': 179, 'Grass': 531}
22:12:37 
22:12:37 Upserting to player_surface_stats...
22:12:37   5,000 / 9,383
22:12:37   9,383 / 9,383
22:12:37 Done.
22:12:37 === Step 3b/12: Compute extended player stats (v2) ===
22:12:59 Windows: 12m from 2025-03-08, 36m from 2023-03-09
22:12:59 
22:12:59 Loading games, tours, courts...
22:12:59   Games in 12m: 70,637, 36m: 206,069
22:12:59 Loading stat...
22:12:59   Stat rows: 447,765
22:12:59 
22:12:59   Available columns for decomposition:
