2026-03-13 17:42:35 === Pinnacle close capture start ===
2026-03-13 17:42:41 Local history CSV: C:\Users\44746\Downloads\il-margine\data\pinnacle-history\pinnacle-history-20260313-174240.csv
2026-03-13 17:42:41 Appended 14 rows to bookmaker_odds_history.
2026-03-13 17:42:42 === Pinnacle close capture done ===
2026-03-30 19:45:35 === Pinnacle close capture start ===
2026-03-30 19:46:03 Local history CSV: C:\Users\44746\Downloads\il-margine\data\pinnacle-history\pinnacle-history-20260330-184600.csv
2026-03-30 19:46:03 Appended 71 rows to bookmaker_odds_history.
2026-03-30 19:46:03 === Pinnacle close capture done ===
2026-03-30 20:00:03 === Pinnacle close capture start ===
2026-03-30 20:00:32 Local history CSV: C:\Users\44746\Downloads\il-margine\data\pinnacle-history\pinnacle-history-20260330-190029.csv
2026-03-30 20:00:32 Appended 71 rows to bookmaker_odds_history.
2026-03-30 20:00:32 === Pinnacle close capture done ===
2026-03-30 20:15:05 === Pinnacle close capture start ===
2026-03-30 20:15:23 Local history CSV: C:\Users\44746\Downloads\il-margine\data\pinnacle-history\pinnacle-history-20260330-191521.csv
2026-03-30 20:15:23 Appended 71 rows to bookmaker_odds_history.
2026-03-30 20:15:23 === Pinnacle close capture done ===
2026-03-30 20:30:04 === Pinnacle close capture start ===
2026-03-30 20:45:04 === Pinnacle close capture start ===
2026-03-30 20:45:23 Local history CSV: C:\Users\44746\Downloads\il-margine\data\pinnacle-history\pinnacle-history-20260330-194520.csv
2026-03-30 20:45:23 Appended 70 rows to bookmaker_odds_history.
2026-03-30 20:45:23 === Pinnacle close capture done ===
2026-03-30 21:00:04 === Pinnacle close capture start ===
2026-03-30 21:00:24 Local history CSV: C:\Users\44746\Downloads\il-margine\data\pinnacle-history\pinnacle-history-20260330-200022.csv
2026-03-30 21:00:24 Appended 70 rows to bookmaker_odds_history.
2026-03-30 21:00:25 === Pinnacle close capture done ===
2026-03-30 21:15:04 === Pinnacle close capture start ===
2026-03-30 21:15:20 Local history CSV: C:\Users\44746\Downloads\il-margine\data\pinnacle-history\pinnacle-history-20260330-201518.csv
2026-03-30 21:15:20 Appended 70 rows to bookmaker_odds_history.
2026-03-30 21:15:20 === Pinnacle close capture done ===
2026-03-30 21:30:05 === Pinnacle close capture start ===
2026-03-30 21:30:26 Local history CSV: C:\Users\44746\Downloads\il-margine\data\pinnacle-history\pinnacle-history-20260330-203024.csv
2026-03-30 21:30:26 Appended 68 rows to bookmaker_odds_history.
2026-03-30 21:30:26 === Pinnacle close capture done ===
2026-03-30 21:45:04 === Pinnacle close capture start ===
2026-03-30 21:45:20 Local history CSV: C:\Users\44746\Downloads\il-margine\data\pinnacle-history\pinnacle-history-20260330-204518.csv
2026-03-30 21:45:20 Appended 66 rows to bookmaker_odds_history.
2026-03-30 21:45:20 === Pinnacle close capture done ===
2026-03-30 22:00:07 === Pinnacle close capture start ===
2026-03-30 22:00:30 Local history CSV: C:\Users\44746\Downloads\il-margine\data\pinnacle-history\pinnacle-history-20260330-210027.csv
2026-03-30 22:00:30 Appended 66 rows to bookmaker_odds_history.
2026-03-30 22:00:30 === Pinnacle close capture done ===
2026-03-30 22:15:05 === Pinnacle close capture start ===
2026-03-30 22:15:18 Local history CSV: C:\Users\44746\Downloads\il-margine\data\pinnacle-history\pinnacle-history-20260330-211516.csv
2026-03-30 22:15:18 Appended 66 rows to bookmaker_odds_history.
2026-03-30 22:15:19 === Pinnacle close capture done ===
2026-03-30 22:30:05 === Pinnacle close capture start ===
2026-03-30 22:31:23   WARNING: Network error for leagues/223107/matchups (attempt 1): HTTPSConnectionPool(host='guest.api.arcadia.pinnacle.com', port=443): Max retries exceeded with url: /0.1/leagues/223107/matchups (Caused by SSLError(SSLEOFError(8, '[SSL: UNEXPECTED_EOF_WHILE_READING] EOF occurred in violation of protocol (_ssl.c:1081)')))
2026-03-30 22:31:23 Local history CSV: C:\Users\44746\Downloads\il-margine\data\pinnacle-history\pinnacle-history-20260330-213121.csv
2026-03-30 22:31:23 Appended 64 rows to bookmaker_odds_history.
2026-03-30 22:31:23 === Pinnacle close capture done ===
2026-03-30 22:45:06 === Pinnacle close capture start ===
2026-03-30 22:45:22 Local history CSV: C:\Users\44746\Downloads\il-margine\data\pinnacle-history\pinnacle-history-20260330-214520.csv
2026-03-30 22:45:22 Appended 64 rows to bookmaker_odds_history.
2026-03-30 22:45:22 === Pinnacle close capture done ===
2026-03-30 23:00:07 === Pinnacle close capture start ===
2026-03-30 23:00:39 Local history CSV: C:\Users\44746\Downloads\il-margine\data\pinnacle-history\pinnacle-history-20260330-220032.csv
2026-03-30 23:00:39 Appended 64 rows to bookmaker_odds_history.
2026-03-30 23:00:41 === Pinnacle close capture done ===
2026-03-30 23:15:05 === Pinnacle close capture start ===
2026-03-30 23:15:26 Local history CSV: C:\Users\44746\Downloads\il-margine\data\pinnacle-history\pinnacle-history-20260330-221525.csv
2026-03-30 23:15:26 Appended 64 rows to bookmaker_odds_history.
2026-03-30 23:15:26 === Pinnacle close capture done ===
2026-03-30 23:30:53 === Pinnacle close capture start ===
2026-03-30 23:34:00   WARNING: Network error for leagues/234893/markets/straight (attempt 1): HTTPSConnectionPool(host='guest.api.arcadia.pinnacle.com', port=443): Max retries exceeded with url: /0.1/leagues/234893/markets/straight (Caused by SSLError(SSLEOFError(8, '[SSL: UNEXPECTED_EOF_WHILE_READING] EOF occurred in violation of protocol (_ssl.c:1081)')))
2026-03-30 23:34:02 Local history CSV: C:\Users\44746\Downloads\il-margine\data\pinnacle-history\pinnacle-history-20260330-223340.csv
2026-03-30 23:34:02 Appended 66 rows to bookmaker_odds_history.
2026-03-30 23:34:03 === Pinnacle close capture done ===
2026-03-30 23:45:03 === Pinnacle close capture start ===
2026-03-30 23:45:32 Local history CSV: C:\Users\44746\Downloads\il-margine\data\pinnacle-history\pinnacle-history-20260330-224531.csv
2026-03-30 23:45:32 Appended 66 rows to bookmaker_odds_history.
2026-03-30 23:45:32 === Pinnacle close capture done ===
2026-03-31 00:00:12 === Pinnacle close capture start ===
2026-03-31 00:00:53 Local history CSV: C:\Users\44746\Downloads\il-margine\data\pinnacle-history\pinnacle-history-20260330-230051.csv
2026-03-31 00:00:53 Appended 65 rows to bookmaker_odds_history.
2026-03-31 00:00:53 === Pinnacle close capture done ===
2026-04-03 09:30:03 === Pinnacle close capture start ===
2026-04-03 09:30:11 Local history CSV: C:\Users\44746\Downloads\il-margine\data\pinnacle-history\pinnacle-history-20260403-083010.csv
2026-04-03 09:30:11 Appended 22 rows to bookmaker_odds_history.
2026-04-03 09:30:11 === Pinnacle close capture done ===
2026-04-03 10:00:04 === Pinnacle close capture start ===
2026-04-03 10:00:16 Local history CSV: C:\Users\44746\Downloads\il-margine\data\pinnacle-history\pinnacle-history-20260403-090015.csv
2026-04-03 10:00:16 Appended 21 rows to bookmaker_odds_history.
2026-04-03 10:00:16 === Pinnacle close capture done ===
2026-04-03 10:30:07 === Pinnacle close capture start ===
2026-04-03 10:30:13   ERROR: 403 Forbidden ù API key may have changed.
2026-04-03 10:30:13   See instructions in the script header to update PINNACLE_API_KEY.
2026-04-03 10:30:13 ERROR: Failed to fetch tennis leagues from API.
2026-04-03 10:30:13 No Pinnacle matches scraped.
2026-04-03 10:30:13 === Pinnacle close capture done ===
2026-04-03 11:00:04 === Pinnacle close capture start ===
2026-04-03 11:00:16 Local history CSV: C:\Users\44746\Downloads\il-margine\data\pinnacle-history\pinnacle-history-20260403-100015.csv
2026-04-03 11:00:16 Appended 26 rows to bookmaker_odds_history.
2026-04-03 11:00:17 === Pinnacle close capture done ===
2026-04-03 11:30:05 === Pinnacle close capture start ===
2026-04-03 11:30:35 Local history CSV: C:\Users\44746\Downloads\il-margine\data\pinnacle-history\pinnacle-history-20260403-103034.csv
2026-04-03 11:30:35 Appended 27 rows to bookmaker_odds_history.
2026-04-03 11:30:35 === Pinnacle close capture done ===
2026-04-03 12:00:11 === Pinnacle close capture start ===
2026-04-03 12:00:44 Local history CSV: C:\Users\44746\Downloads\il-margine\data\pinnacle-history\pinnacle-history-20260403-110043.csv
2026-04-03 12:00:44 Appended 26 rows to bookmaker_odds_history.
2026-04-03 12:00:44 === Pinnacle close capture done ===
2026-04-03 12:30:10 === Pinnacle close capture start ===
2026-04-03 12:30:51 Local history CSV: C:\Users\44746\Downloads\il-margine\data\pinnacle-history\pinnacle-history-20260403-113047.csv
2026-04-03 12:30:51 Appended 25 rows to bookmaker_odds_history.
2026-04-03 12:30:51 === Pinnacle close capture done ===
2026-04-03 13:00:05 === Pinnacle close capture start ===
2026-04-03 13:00:31 Local history CSV: C:\Users\44746\Downloads\il-margine\data\pinnacle-history\pinnacle-history-20260403-120030.csv
2026-04-03 13:00:31 Appended 22 rows to bookmaker_odds_history.
2026-04-03 13:00:31 === Pinnacle close capture done ===
2026-04-03 13:30:05 === Pinnacle close capture start ===
2026-04-03 13:30:20 Local history CSV: C:\Users\44746\Downloads\il-margine\data\pinnacle-history\pinnacle-history-20260403-123019.csv
2026-04-03 13:30:20 Appended 25 rows to bookmaker_odds_history.
2026-04-03 13:30:20 === Pinnacle close capture done ===
2026-04-03 14:00:06 === Pinnacle close capture start ===
2026-04-03 14:00:29 Local history CSV: C:\Users\44746\Downloads\il-margine\data\pinnacle-history\pinnacle-history-20260403-130028.csv
2026-04-03 14:00:29 Appended 24 rows to bookmaker_odds_history.
2026-04-03 14:00:29 === Pinnacle close capture done ===
2026-04-03 14:30:08 === Pinnacle close capture start ===
2026-04-03 14:30:25 Local history CSV: C:\Users\44746\Downloads\il-margine\data\pinnacle-history\pinnacle-history-20260403-133024.csv
2026-04-03 14:30:25 Appended 23 rows to bookmaker_odds_history.
2026-04-03 14:30:25 === Pinnacle close capture done ===
2026-04-03 15:00:07 === Pinnacle close capture start ===
2026-04-03 15:00:25 Local history CSV: C:\Users\44746\Downloads\il-margine\data\pinnacle-history\pinnacle-history-20260403-140024.csv
2026-04-03 15:00:25 Appended 21 rows to bookmaker_odds_history.
2026-04-03 15:00:25 === Pinnacle close capture done ===
2026-04-03 15:30:06 === Pinnacle close capture start ===
2026-04-03 15:30:21 Local history CSV: C:\Users\44746\Downloads\il-margine\data\pinnacle-history\pinnacle-history-20260403-143020.csv
2026-04-03 15:30:21 Appended 19 rows to bookmaker_odds_history.
2026-04-03 15:30:21 === Pinnacle close capture done ===
2026-04-03 16:00:05 === Pinnacle close capture start ===
2026-04-03 16:00:21 Local history CSV: C:\Users\44746\Downloads\il-margine\data\pinnacle-history\pinnacle-history-20260403-150019.csv
2026-04-03 16:00:21 Appended 19 rows to bookmaker_odds_history.
2026-04-03 16:00:22 === Pinnacle close capture done ===
2026-04-03 16:30:05 === Pinnacle close capture start ===
2026-04-03 16:30:18 Local history CSV: C:\Users\44746\Downloads\il-margine\data\pinnacle-history\pinnacle-history-20260403-153017.csv
2026-04-03 16:30:18 Appended 20 rows to bookmaker_odds_history.
2026-04-03 16:30:18 === Pinnacle close capture done ===
2026-04-03 17:00:05 === Pinnacle close capture start ===
2026-04-03 17:00:24 Local history CSV: C:\Users\44746\Downloads\il-margine\data\pinnacle-history\pinnacle-history-20260403-160023.csv
2026-04-03 17:00:24 Appended 20 rows to bookmaker_odds_history.
2026-04-03 17:00:24 === Pinnacle close capture done ===
2026-04-03 17:30:05 === Pinnacle close capture start ===
2026-04-03 17:30:17 Local history CSV: C:\Users\44746\Downloads\il-margine\data\pinnacle-history\pinnacle-history-20260403-163016.csv
2026-04-03 17:30:17 Appended 15 rows to bookmaker_odds_history.
2026-04-03 17:30:17 === Pinnacle close capture done ===
2026-04-03 18:00:06 === Pinnacle close capture start ===
2026-04-03 18:00:18 Local history CSV: C:\Users\44746\Downloads\il-margine\data\pinnacle-history\pinnacle-history-20260403-170018.csv
2026-04-03 18:00:18 Appended 15 rows to bookmaker_odds_history.
2026-04-03 18:00:18 === Pinnacle close capture done ===
2026-04-03 18:30:03 === Pinnacle close capture start ===
2026-04-03 18:30:17 Local history CSV: C:\Users\44746\Downloads\il-margine\data\pinnacle-history\pinnacle-history-20260403-173017.csv
2026-04-03 18:30:17 Appended 12 rows to bookmaker_odds_history.
2026-04-03 18:30:18 === Pinnacle close capture done ===
